// Jest Snapshot v1, https://goo.gl/fbAQLP

exports[`EditListingDetailsForm matches snapshot 1`] = `
<form
  action="/"
  className="root"
  method="post"
  onSubmit={[Function]}
>
  <div
    className="root title"
  >
    <label
      htmlFor="title"
    >
      EditListingDetailsForm.title
    </label>
    <input
      className="input"
      id="title"
      maxLength={60}
      name="title"
      onBlur={[Function]}
      onChange={[Function]}
      onFocus={[Function]}
      placeholder="EditListingDetailsForm.titlePlaceholder"
      type="text"
      value=""
    />
  </div>
  <div
    className="root description"
  >
    <label
      htmlFor="description"
    >
      EditListingDetailsForm.description
    </label>
    <textarea
      className="input textarea"
      id="description"
      maxLength={5000}
      name="description"
      onBlur={[Function]}
      onChange={[Function]}
      onFocus={[Function]}
      placeholder="EditListingDetailsForm.descriptionPlaceholder"
      rows={1}
      value=""
    />
  </div>
  <div
    className="root detailsSelect"
  >
    <label
      htmlFor="style"
    >
      EditListingDetailsForm.styleLabel
    </label>
    <select
      className="select"
      id="style"
      name="style"
      onBlur={[Function]}
      onChange={[Function]}
      onFocus={[Function]}
      value=""
    >
      <option
        disabled={true}
        value=""
      >
        EditListingDetailsForm.stylePlaceholder
      </option>
      <option
        key="antique"
        value="antique"
      >
        Antique
      </option>
      <option
        key="contemporary"
        value="contemporary"
      >
        Contemporary
      </option>
      <option
        key="mid-century-modern"
        value="mid-century-modern"
      >
        Mid-Century Modern
      </option>
      <option
        key="modern"
        value="modern"
      >
        Modern
      </option>
      <option
        key="traditional"
        value="traditional"
      >
        Traditional
      </option>
      <option
        key="vintage"
        value="vintage"
      >
        Vintage
      </option>
    </select>
  </div>
  <div
    className="root detailsSelect"
  >
    <label
      htmlFor="material"
    >
      EditListingDetailsForm.materialLabel
    </label>
    <select
      className="select"
      id="material"
      name="material"
      onBlur={[Function]}
      onChange={[Function]}
      onFocus={[Function]}
      value=""
    >
      <option
        disabled={true}
        value=""
      >
        EditListingDetailsForm.materialPlaceholder
      </option>
      <option
        key="bamboo"
        value="bamboo"
      >
        Bamboo
      </option>
      <option
        key="burch"
        value="burch"
      >
        Burch
      </option>
      <option
        key="cherry"
        value="cherry"
      >
        Cherry
      </option>
      <option
        key="mahogany"
        value="mahogany"
      >
        Mahogany
      </option>
      <option
        key="maple"
        value="maple"
      >
        Maple
      </option>
      <option
        key="oak"
        value="oak"
      >
        Oak
      </option>
      <option
        key="painted-wood"
        value="painted-wood"
      >
        Painted Wood
      </option>
      <option
        key="pine"
        value="pine"
      >
        Pine
      </option>
      <option
        key="walnut"
        value="walnut"
      >
        Walnut
      </option>
    </select>
  </div>
  <div
    className="root detailsSelect"
  >
    <label
      htmlFor="color"
    >
      EditListingDetailsForm.colorLabel
    </label>
    <select
      className="select"
      id="color"
      name="color"
      onBlur={[Function]}
      onChange={[Function]}
      onFocus={[Function]}
      value=""
    >
      <option
        disabled={true}
        value=""
      >
        EditListingDetailsForm.colorPlaceholder
      </option>
      <option
        key="black"
        value="black"
      >
        Black
      </option>
      <option
        key="blue"
        value="blue"
      >
        Blue
      </option>
      <option
        key="green"
        value="green"
      >
        Green
      </option>
      <option
        key="grey"
        value="grey"
      >
        Grey
      </option>
      <option
        key="orange"
        value="orange"
      >
        Orange
      </option>
      <option
        key="pink"
        value="pink"
      >
        Pink
      </option>
      <option
        key="purple"
        value="purple"
      >
        Purple
      </option>
      <option
        key="red"
        value="red"
      >
        Red
      </option>
      <option
        key="yellow"
        value="yellow"
      >
        Yellow
      </option>
      <option
        key="white"
        value="white"
      >
        White
      </option>
    </select>
  </div>
  <div
    className="root detailsSelect"
  >
    <label
      htmlFor="room"
    >
      EditListingDetailsForm.roomLabel
    </label>
    <select
      className="select"
      id="room"
      name="room"
      onBlur={[Function]}
      onChange={[Function]}
      onFocus={[Function]}
      value=""
    >
      <option
        disabled={true}
        value=""
      >
        EditListingDetailsForm.roomPlaceholder
      </option>
      <option
        key="bathroom"
        value="bathroom"
      >
        Bathroom
      </option>
      <option
        key="bedroom"
        value="bedroom"
      >
        Bedroom
      </option>
      <option
        key="dining"
        value="dining"
      >
        Dining
      </option>
      <option
        key="outdoor"
        value="outdoor"
      >
        Outdoor
      </option>
      <option
        key="office"
        value="office"
      >
        Office
      </option>
    </select>
  </div>
  <button
    className="root submitButton"
    disabled={true}
    type="submit"
  >
    Save details
  </button>
</form>
`;
